[2025/11/26 05:48:07]: §9          __             _       
[2025/11/26 05:48:07]: §9  _ __   / /  ___   __ _(_)_ __  
[2025/11/26 05:48:07]: §9 | '_ \ / /  / _ \ / _` | | '_ \ 
[2025/11/26 05:48:07]: §9 | | | / /__| (_) | (_| | | | | |
[2025/11/26 05:48:07]: §9 |_| |_\____/\___/ \__, |_|_| |_|
[2025/11/26 05:48:07]: §9                  |___/            
[2025/11/26 05:48:07]: §9 By: www.nickuc.com - V 10.4.23 DEVELOPMENT
[2025/11/26 05:48:07]: §9 
[2025/11/26 05:48:08]: §3[nLogin] [DEBUG] All settings were loaded in 151 ms.
[2025/11/26 05:48:08]: §3[nLogin] [DEBUG] Loading the messages_es.yml message file...
[2025/11/26 05:48:08]: §3[nLogin] [DEBUG] All plugin messages were loaded in 60 ms (languageByClient=false).
[2025/11/26 05:48:08]: §3[nLogin] [DEBUG] All proxy settings were loaded in 3 ms.
[2025/11/26 05:48:08]: §3[nLogin] [DEBUG] Loading database...
[2025/11/26 05:48:08]: §3[nLogin] [DEBUG] Starting logger filter...
[2025/11/26 06:10:50]: §3[nLogin] [DEBUG] [SQLite] [UPDATE]: "UPDATE `nlogin` SET `last_name` = 'Jozstscito', `unique_id` = 758570df0a393e49a96749f963ea8fa1,  `mojang_id` = null,  `bedrock_id` = null,  `password` = '$2a$10$qCGc8d217M/TKLrh0M1u5OXJflM.K/B7EHNLVB5xlHsoN.zDbnNuK', `last_ip` = '127.203.56.249', `creation_date` = 2025-11-25 01:32:37.705, `last_seen` = 2025-11-26 06:10:50.298, `email` = null, `discord` = null, `settings` = '{"settings":[{"value":"es","key":"language"}],"version":0}' WHERE `ai` = 1" (applied to [last_ip, last_seen, settings] columns)
[2025/11/26 06:10:50]: [nLogin] The user Jozstscito has successfully logged in.
[2025/11/26 06:54:18]: §3[nLogin] [DEBUG] [SQLite] [UPDATE]: "UPDATE `nlogin` SET `last_name` = 'Jozstscito', `unique_id` = 758570df0a393e49a96749f963ea8fa1,  `mojang_id` = null,  `bedrock_id` = null,  `password` = '$2a$10$qCGc8d217M/TKLrh0M1u5OXJflM.K/B7EHNLVB5xlHsoN.zDbnNuK', `last_ip` = '127.203.56.249', `creation_date` = 2025-11-25 01:32:37.705, `last_seen` = 2025-11-26 06:54:18.177, `email` = null, `discord` = null, `settings` = '{"settings":[{"value":"es","key":"language"}],"version":0}' WHERE `ai` = 1" (applied to [last_seen, settings] columns)
[2025/11/26 06:59:47]: §3[nLogin] [DEBUG] [SQLite] [UPDATE]: "UPDATE `nlogin` SET `last_name` = 'Jozstscito', `unique_id` = 758570df0a393e49a96749f963ea8fa1,  `mojang_id` = null,  `bedrock_id` = null,  `password` = '$2a$10$qCGc8d217M/TKLrh0M1u5OXJflM.K/B7EHNLVB5xlHsoN.zDbnNuK', `last_ip` = '127.203.56.249', `creation_date` = 2025-11-25 01:32:37.705, `last_seen` = 2025-11-26 06:59:47.746, `email` = null, `discord` = null, `settings` = '{"settings":[{"value":"es","key":"language"}],"version":0}' WHERE `ai` = 1" (applied to [last_ip, last_seen, settings] columns)
[2025/11/26 06:59:47]: [nLogin] The user Jozstscito has successfully logged in.
[2025/11/26 07:06:16]: §3[nLogin] [DEBUG] [SQLite] [UPDATE]: "UPDATE `nlogin` SET `last_name` = 'Jozstscito', `unique_id` = 758570df0a393e49a96749f963ea8fa1,  `mojang_id` = null,  `bedrock_id` = null,  `password` = '$2a$10$qCGc8d217M/TKLrh0M1u5OXJflM.K/B7EHNLVB5xlHsoN.zDbnNuK', `last_ip` = '127.203.56.249', `creation_date` = 2025-11-25 01:32:37.705, `last_seen` = 2025-11-26 07:06:16.372, `email` = null, `discord` = null, `settings` = '{"settings":[{"value":"es","key":"language"}],"version":0}' WHERE `ai` = 1" (applied to [last_seen, settings] columns)
[2025/11/26 07:11:07]: [nLogin] Successful plugin core shutdown (took 0.00s)
