[22:15:11] [ServerMain/INFO]: [bootstrap] Running Java 21 (OpenJDK 64-Bit Server VM 21.0.8+9-Ubuntu-0ubuntu124.04.1; Ubuntu null) on Linux 6.8.0-1030-azure (amd64)
[22:15:11] [ServerMain/INFO]: [bootstrap] Loading Paper 1.21.10-115-main@af06383 (2025-11-21T23:42:01Z) for Minecraft 1.21.10
[22:15:12] [ServerMain/INFO]: [PluginInitializerManager] Initializing plugins...
[22:15:13] [ServerMain/INFO]: [PluginInitializerManager] Initialized 14 plugins
[22:15:13] [ServerMain/INFO]: [PluginInitializerManager] Bukkit plugins (14):
 - 1vs1 (1.7.1 #221), AdvancedTeleport (6.1.3), FastAsyncWorldEdit (2.14.1-SNAPSHOT-1220+10fd8cb), Geyser-Spigot (2.9.1-SNAPSHOT), Multiverse-Core (5.3.4), ProtocolLib (5.4.0), SkinsRestorer (15.9.0), TestPro (1.0-SNAPSHOT), ViaBackwards (5.5.1), ViaVersion (5.5.0), WorldGuard (7.0.15-beta-01+445a1d7), floodgate (2.2.5-SNAPSHOT (b121-55a85ec)), nLogin (10.4.22), zMenu (1.1.0.5)
[22:15:21] [ServerMain/INFO]: Environment: Environment[sessionHost=https://sessionserver.mojang.com, servicesHost=https://api.minecraftservices.com, profilesHost=https://api.mojang.com, name=PROD]
[22:15:25] [ServerMain/INFO]: Loaded 1461 recipes
[22:15:25] [ServerMain/INFO]: Loaded 1574 advancements
[22:15:25] [ServerMain/INFO]: [ca.spottedleaf.dataconverter.minecraft.datatypes.MCTypeRegistry] Initialising converters for DataConverter...
[22:15:25] [ServerMain/INFO]: [ca.spottedleaf.dataconverter.minecraft.datatypes.MCTypeRegistry] Finished initialising converters for DataConverter in 623.9ms
[22:15:26] [Server thread/INFO]: Starting minecraft server version 1.21.10
[22:15:26] [Server thread/INFO]: Loading properties
[22:15:26] [Server thread/INFO]: This server is running Paper version 1.21.10-115-main@af06383 (2025-11-21T23:42:01Z) (Implementing API version 1.21.10-R0.1-SNAPSHOT)
[22:15:26] [Server thread/INFO]: [spark] This server bundles the spark profiler. For more information please visit https://docs.papermc.io/paper/profiling
[22:15:26] [Server thread/INFO]: Server Ping Player Sample Count: 12
[22:15:26] [Server thread/INFO]: Using 4 threads for Netty based IO
[22:15:28] [Server thread/INFO]: [MoonriseCommon] Paper is using 1 worker threads, 1 I/O threads
[22:15:28] [Server thread/INFO]: Default game type: SURVIVAL
[22:15:28] [Server thread/INFO]: Generating keypair
[22:15:29] [Server thread/INFO]: Starting Minecraft server on *:25565
[22:15:29] [Server thread/INFO]: Using epoll channel type
[22:15:29] [Server thread/INFO]: Paper: Using libdeflate (Linux x86_64) compression from Velocity.
[22:15:29] [Server thread/INFO]: Paper: Using OpenSSL 3.x.x (Linux x86_64) cipher from Velocity.
[22:15:30] [Server thread/INFO]: [SpigotLibraryLoader] [zMenu] Loading 1 libraries... please wait
[22:15:30] [Server thread/INFO]: [SpigotLibraryLoader] [zMenu] Loaded library /workspaces/mineserver/servidor_minecraft/libraries/org/mariadb/jdbc/mariadb-java-client/3.5.6/mariadb-java-client-3.5.6.jar
[22:15:30] [Server thread/WARN]: [org.bukkit.craftbukkit.legacy.CraftLegacy] Initializing Legacy Material Support. Unless you have legacy plugins and/or data this is a bug!
[22:15:42] [Server thread/WARN]: Legacy plugin 1vs1 v1.7.1 #221 does not specify an api-version.
[22:15:42] [Server thread/INFO]: [FastAsyncWorldEdit] Loading server plugin FastAsyncWorldEdit v2.14.1-SNAPSHOT-1220+10fd8cb
[22:15:44] [Server thread/INFO]: Got request to register class com.sk89q.worldedit.bukkit.BukkitServerInterface with WorldEdit [com.sk89q.worldedit.extension.platform.PlatformManager@1edd04db]
[22:15:44] [Server thread/INFO]: [ViaVersion] Loading server plugin ViaVersion v5.5.0
[22:15:44] [Server thread/INFO]: [ViaVersion] ViaVersion 5.5.0 is now loaded. Registering protocol transformers and injecting...
[22:15:45] [Via-Mappingloader-0/INFO]: [ViaVersion] Loading block connection mappings ...
[22:15:45] [Via-Mappingloader-0/INFO]: [ViaVersion] Using FastUtil Long2ObjectOpenHashMap for block connections
[22:15:46] [Server thread/ERROR]: [ViaBackwards] ================================
[22:15:46] [Server thread/ERROR]: [ViaBackwards] YOUR VIAVERSION IS OUTDATED (you are running 5.5.0)
[22:15:46] [Server thread/ERROR]: [ViaBackwards] PLEASE USE VIAVERSION 5.5.1 OR NEWER
[22:15:46] [Server thread/ERROR]: [ViaBackwards] LINK: https://ci.viaversion.com/
[22:15:46] [Server thread/ERROR]: [ViaBackwards] VIABACKWARDS WILL NOW DISABLE
[22:15:46] [Server thread/ERROR]: [ViaBackwards] ================================
[22:15:46] [Server thread/INFO]: [ProtocolLib] Loading server plugin ProtocolLib v5.4.0
[22:15:46] [Server thread/WARN]: [ProtocolLib] Version (MC: 1.21.10) has not yet been tested! Proceed with caution.
[22:15:46] [Server thread/INFO]: [floodgate] Loading server plugin floodgate v2.2.5-SNAPSHOT (b121-55a85ec)
[22:15:47] [Server thread/WARN]: [floodgate] en_ is not a supported Floodgate language.
[22:15:48] [Server thread/INFO]: [floodgate] Took 1,215ms to boot Floodgate
[22:15:48] [Server thread/INFO]: [ViaBackwards] Loading server plugin ViaBackwards v5.5.1
[22:15:48] [Server thread/INFO]: [WorldGuard] Loading server plugin WorldGuard v7.0.15-beta-01+445a1d7
[22:15:48] [Server thread/INFO]: [TestPro] Loading server plugin TestPro v1.0-SNAPSHOT
[22:15:48] [Server thread/INFO]: [nLogin] Loading server plugin nLogin v10.4.22
[22:15:49] [Server thread/INFO]: [SkinsRestorer] Loading server plugin SkinsRestorer v15.9.0
[22:15:49] [Server thread/INFO]: [AdvancedTeleport] Loading server plugin AdvancedTeleport v6.1.3
[22:15:49] [Server thread/INFO]: [AdvancedTeleport] Verifying checksum for gson
[22:15:49] [Server thread/INFO]: [AdvancedTeleport] Checksum matched for gson
[22:15:49] [Server thread/INFO]: [AdvancedTeleport] Verifying checksum for jar-relocator
[22:15:49] [Server thread/INFO]: [AdvancedTeleport] Checksum matched for jar-relocator
[22:15:49] [Server thread/INFO]: [AdvancedTeleport] Verifying checksum for asm
[22:15:49] [Server thread/INFO]: [AdvancedTeleport] Checksum matched for asm
[22:15:49] [Server thread/INFO]: [AdvancedTeleport] Verifying checksum for asm-commons
[22:15:49] [Server thread/INFO]: [AdvancedTeleport] Checksum matched for asm-commons
[22:15:49] [Server thread/INFO]: [AdvancedTeleport] Verifying checksum for gson
[22:15:49] [Server thread/INFO]: [AdvancedTeleport] Checksum matched for gson
[22:15:49] [Server thread/INFO]: [AdvancedTeleport] Verifying checksum for adventure-api
[22:15:49] [Server thread/INFO]: [AdvancedTeleport] Checksum matched for adventure-api
[22:15:49] [Server thread/INFO]: [AdvancedTeleport] Verifying checksum for adventure-key
[22:15:49] [Server thread/INFO]: [AdvancedTeleport] Checksum matched for adventure-key
[22:15:49] [Server thread/INFO]: [AdvancedTeleport] Verifying checksum for examination-api
[22:15:49] [Server thread/INFO]: [AdvancedTeleport] Checksum matched for examination-api
[22:15:49] [Server thread/INFO]: [AdvancedTeleport] Verifying checksum for examination-string
[22:15:49] [Server thread/INFO]: [AdvancedTeleport] Checksum matched for examination-string
[22:15:49] [Server thread/INFO]: [AdvancedTeleport] Verifying checksum for adventure-text-minimessage
[22:15:49] [Server thread/INFO]: [AdvancedTeleport] Checksum matched for adventure-text-minimessage
[22:15:49] [Server thread/INFO]: [AdvancedTeleport] Verifying checksum for adventure-nbt
[22:15:49] [Server thread/INFO]: [AdvancedTeleport] Checksum matched for adventure-nbt
[22:15:49] [Server thread/INFO]: [AdvancedTeleport] Verifying checksum for adventure-text-serializer-plain
[22:15:49] [Server thread/INFO]: [AdvancedTeleport] Checksum matched for adventure-text-serializer-plain
[22:15:49] [Server thread/INFO]: [AdvancedTeleport] Verifying checksum for adventure-platform-bukkit
[22:15:49] [Server thread/INFO]: [AdvancedTeleport] Checksum matched for adventure-platform-bukkit
[22:15:49] [Server thread/INFO]: [AdvancedTeleport] Verifying checksum for adventure-text-serializer-gson-legacy-impl
[22:15:49] [Server thread/INFO]: [AdvancedTeleport] Checksum matched for adventure-text-serializer-gson-legacy-impl
[22:15:49] [Server thread/INFO]: [AdvancedTeleport] Verifying checksum for adventure-text-serializer-gson
[22:15:49] [Server thread/INFO]: [AdvancedTeleport] Checksum matched for adventure-text-serializer-gson
[22:15:49] [Server thread/INFO]: [AdvancedTeleport] Verifying checksum for adventure-text-serializer-json
[22:15:49] [Server thread/INFO]: [AdvancedTeleport] Checksum matched for adventure-text-serializer-json
[22:15:49] [Server thread/INFO]: [AdvancedTeleport] Verifying checksum for option
[22:15:49] [Server thread/INFO]: [AdvancedTeleport] Checksum matched for option
[22:15:49] [Server thread/INFO]: [AdvancedTeleport] Verifying checksum for adventure-platform-facet
[22:15:49] [Server thread/INFO]: [AdvancedTeleport] Checksum matched for adventure-platform-facet
[22:15:49] [Server thread/INFO]: [AdvancedTeleport] Verifying checksum for adventure-platform-api
[22:15:49] [Server thread/INFO]: [AdvancedTeleport] Checksum matched for adventure-platform-api
[22:15:49] [Server thread/INFO]: [AdvancedTeleport] Verifying checksum for adventure-platform-viaversion
[22:15:49] [Server thread/INFO]: [AdvancedTeleport] Checksum matched for adventure-platform-viaversion
[22:15:49] [Server thread/INFO]: [AdvancedTeleport] Verifying checksum for adventure-text-serializer-bungeecord
[22:15:49] [Server thread/INFO]: [AdvancedTeleport] Checksum matched for adventure-text-serializer-bungeecord
[22:15:49] [Server thread/INFO]: [AdvancedTeleport] Verifying checksum for adventure-text-serializer-legacy
[22:15:49] [Server thread/INFO]: [AdvancedTeleport] Checksum matched for adventure-text-serializer-legacy
[22:15:49] [Server thread/INFO]: [AdvancedTeleport] Verifying checksum for bstats-bukkit
[22:15:49] [Server thread/INFO]: [AdvancedTeleport] Checksum matched for bstats-bukkit
[22:15:49] [Server thread/INFO]: [AdvancedTeleport] Verifying checksum for bstats-base
[22:15:49] [Server thread/INFO]: [AdvancedTeleport] Checksum matched for bstats-base
[22:15:49] [Server thread/INFO]: [AdvancedTeleport] Verifying checksum for paperlib
[22:15:49] [Server thread/INFO]: [AdvancedTeleport] Checksum matched for paperlib
[22:15:49] [Server thread/INFO]: [AdvancedTeleport] Verifying checksum for ConfigurationMaster-API
[22:15:49] [Server thread/INFO]: [AdvancedTeleport] Checksum matched for ConfigurationMaster-API
[22:15:49] [Server thread/INFO]: [zMenu] Loading server plugin zMenu v1.1.0.5
[22:15:49] [Server thread/INFO]: [1vs1] Loading server plugin 1vs1 v1.7.1 #221
[22:15:49] [Server thread/INFO]: [Geyser-Spigot] Loading server plugin Geyser-Spigot v2.9.1-SNAPSHOT
[22:15:50] [Server thread/INFO]: [Geyser-Spigot] Loading extensions...
[22:15:50] [Server thread/INFO]: [Geyser-Spigot] Loaded 0 extension(s)
[22:15:50] [Server thread/INFO]: [CoreLogging] Loading server plugin Multiverse-Core v5.3.4
[22:15:50] [Server thread/INFO]: Server permissions file permissions.yml is empty, ignoring it
[22:15:50] [Server thread/INFO]: [FastAsyncWorldEdit] Enabling FastAsyncWorldEdit v2.14.1-SNAPSHOT-1220+10fd8cb
[22:15:50] [Server thread/INFO]: [com.fastasyncworldedit.core.Fawe] LZ4 Compression Binding loaded successfully
[22:15:50] [Server thread/INFO]: [com.fastasyncworldedit.core.Fawe] ZSTD Compression Binding loaded successfully
[22:15:50] [Server thread/INFO]: Registering commands with com.sk89q.worldedit.bukkit.BukkitServerInterface
[22:15:50] [Server thread/INFO]: WEPIF: Using the Bukkit Permissions API.
[22:15:50] [Server thread/INFO]: Using com.sk89q.worldedit.bukkit.adapter.impl.fawe.v1_21_9.PaperweightFaweAdapter as the Bukkit adapter
[22:15:52] [Server thread/INFO]: [ProtocolLib] Enabling ProtocolLib v5.4.0
[22:15:52] [Server thread/INFO]: [nLogin] Enabling nLogin v10.4.22
[22:15:52] [Thread-11/WARN]: [com.fastasyncworldedit.core.util.UpdateNotification] A new release for FastAsyncWorldEdit is available: 2.14.2. You are currently on 2.14.1.
Download from https://modrinth.com/plugin/fastasyncworldedit or https://hangar.papermc.io/IntellectualSites/FastAsyncWorldEdit
[22:15:52] [Thread-12/WARN]: [com.fastasyncworldedit.core.util.UpdateNotification] An update for FastAsyncWorldEdit is available. You are 8 build(s) out of date.
You are running build 1220, the latest version is build 1228.
Update at https://ci.athion.net/job/FastAsyncWorldEdit
[22:15:53] [Server thread/INFO]: [nLogin] Successful plugin core start (took 0.80s)
[22:15:53] [Server thread/INFO]:           __             _       
[22:15:53] [Server thread/INFO]:   _ __   / /  ___   __ _(_)_ __  
[22:15:53] [Server thread/INFO]:  | '_ \ / /  / _ \ / _` | | '_ \ 
[22:15:53] [Server thread/INFO]:  | | | / /__| (_) | (_| | | | | |
[22:15:53] [Server thread/INFO]:  |_| |_\____/\___/ \__, |_|_| |_|
[22:15:53] [Server thread/INFO]:                   |___/            
[22:15:53] [Server thread/INFO]:  By: www.nickuc.com - V 10.4.23 DEVELOPMENT
[22:15:53] [Server thread/INFO]:  
[22:15:54] [Server thread/WARN]: [nLogin] "nLogin v10.4.22" has registered a listener for org.spigotmc.event.player.PlayerSpawnLocationEvent on method "public void com.nickuc.login.βκνξςλχζΦηζΓΓζ.a(org.spigotmc.event.player.PlayerSpawnLocationEvent)", but the event is Deprecated. "Listening to this event causes the player to be created early. Using the player from this event will result in undefined behavior. Prefer AsyncPlayerSpawnLocationEvent."; please notify the authors [NickUC, Henry_Fabio, NullPointer_].
[22:15:54] [Server thread/INFO]: [SkinsRestorer] Enabling SkinsRestorer v15.9.0
[22:15:56] [Server thread/INFO]: [SkinsRestorer] Running on Minecraft 1.21.10.
[22:15:56] [Server thread/INFO]: [SkinsRestorer] Floodgate skin listener registered
[22:15:56] [Server thread/INFO]: [SkinsRestorer] Using paper join listener!
[22:15:56] [Server thread/WARN]: **** SERVER IS RUNNING IN OFFLINE/INSECURE MODE!
[22:15:56] [Server thread/WARN]: The server will make no attempt to authenticate usernames. Beware.
[22:15:56] [Server thread/WARN]: While this makes the game possible to play without internet access, it also opens up the ability for hackers to connect with any username they choose.
[22:15:56] [Server thread/WARN]: To change this, set "online-mode" to "true" in the server.properties file.
[22:15:56] [Server thread/INFO]: Preparing level "world"
[22:15:56] [Folia Async Scheduler Thread #3/INFO]: [SkinsRestorer] ----------------------------------------------
[22:15:56] [Folia Async Scheduler Thread #3/INFO]: [SkinsRestorer]     +==================+
[22:15:56] [Folia Async Scheduler Thread #3/INFO]: [SkinsRestorer]     |   SkinsRestorer  |
[22:15:56] [Folia Async Scheduler Thread #3/INFO]: [SkinsRestorer]     |------------------|
[22:15:56] [Folia Async Scheduler Thread #3/INFO]: [SkinsRestorer]     |  Standalone Mode |
[22:15:56] [Folia Async Scheduler Thread #3/INFO]: [SkinsRestorer]     +==================+
[22:15:56] [Folia Async Scheduler Thread #3/INFO]: [SkinsRestorer] ----------------------------------------------
[22:15:56] [Folia Async Scheduler Thread #3/INFO]: [SkinsRestorer]     Version: 15.9.0
[22:15:56] [Folia Async Scheduler Thread #3/INFO]: [SkinsRestorer]     Commit: 1565b8f
[22:15:56] [Folia Async Scheduler Thread #3/INFO]: [SkinsRestorer]     This is the latest version!
[22:15:56] [Folia Async Scheduler Thread #3/INFO]: [SkinsRestorer] ----------------------------------------------
[22:15:56] [Folia Async Scheduler Thread #3/INFO]: [SkinsRestorer] Do you have issues? Read our troubleshooting guide: https://skinsrestorer.net/docs/troubleshooting
[22:15:56] [Folia Async Scheduler Thread #3/INFO]: [SkinsRestorer] Want to support SkinsRestorer? Consider donating: https://skinsrestorer.net/donate
[22:15:57] [Server thread/INFO]: Loading 0 persistent chunks for world 'minecraft:overworld'...
[22:15:57] [Server thread/INFO]: Preparing spawn area: 100%
[22:15:57] [Server thread/INFO]: Prepared spawn area in 5 ms
[22:15:57] [Server thread/INFO]: Loading 0 persistent chunks for world 'minecraft:the_nether'...
[22:15:57] [Server thread/INFO]: Prepared spawn area in 0 ms
[22:15:57] [Server thread/INFO]: Loading 0 persistent chunks for world 'minecraft:the_end'...
[22:15:57] [Server thread/INFO]: Prepared spawn area in 1 ms
[22:15:57] [Server thread/INFO]: Done preparing level "world" (1.128s)
[22:15:57] [Server thread/INFO]: [ViaVersion] Enabling ViaVersion v5.5.0
[22:15:57] [Server thread/INFO]: [ViaVersion] ViaVersion detected server version: 1.21.9 (773)
[22:15:57] [Server thread/WARN]: [ViaVersion] ViaVersion does not have any compatible versions for this server version!
[22:15:57] [Server thread/WARN]: [ViaVersion] ViaVersion only supports newer client versions. Use ViaBackwards to allow older versions (ViaRewind for 1.7/1.8) to join.
[22:15:57] [Server thread/WARN]: [ViaVersion] Get setup help at https://viaversion.com/setup or download ViaBackwards/ViaRewind directly at https://ci.viaversion.com/
[22:15:57] [Server thread/WARN]: [ViaVersion] Need more help? Join our Discord at https://viaversion.com/discord
[22:15:58] [Server thread/INFO]: [floodgate] Enabling floodgate v2.2.5-SNAPSHOT (b121-55a85ec)
[22:15:58] [Server thread/INFO]: [ViaBackwards] Enabling ViaBackwards v5.5.1
[22:15:58] [Server thread/INFO]: [WorldGuard] Enabling WorldGuard v7.0.15-beta-01+445a1d7
[22:15:59] [Server thread/INFO]: [WorldGuard] (world) TNT ignition is PERMITTED.
[22:15:59] [Server thread/INFO]: [WorldGuard] (world) Lighters are PERMITTED.
[22:15:59] [Server thread/INFO]: [WorldGuard] (world) Lava fire is PERMITTED.
[22:15:59] [Server thread/INFO]: [WorldGuard] (world) Fire spread is UNRESTRICTED.
[22:15:59] [Server thread/INFO]: [WorldGuard] Loaded configuration for world 'world'
[22:15:59] [Server thread/INFO]: [WorldGuard] (world_nether) TNT ignition is PERMITTED.
[22:15:59] [Server thread/INFO]: [WorldGuard] (world_nether) Lighters are PERMITTED.
[22:15:59] [Server thread/INFO]: [WorldGuard] (world_nether) Lava fire is PERMITTED.
[22:15:59] [Server thread/INFO]: [WorldGuard] (world_nether) Fire spread is UNRESTRICTED.
[22:15:59] [Server thread/INFO]: [WorldGuard] Loaded configuration for world 'world_nether'
[22:15:59] [Server thread/INFO]: [WorldGuard] (world_the_end) TNT ignition is PERMITTED.
[22:15:59] [Server thread/INFO]: [WorldGuard] (world_the_end) Lighters are PERMITTED.
[22:15:59] [Server thread/INFO]: [WorldGuard] (world_the_end) Lava fire is PERMITTED.
[22:15:59] [Server thread/INFO]: [WorldGuard] (world_the_end) Fire spread is UNRESTRICTED.
[22:15:59] [Server thread/INFO]: [WorldGuard] Loaded configuration for world 'world_the_end'
[22:15:59] [Server thread/INFO]: [WorldGuard] Loading region data...
[22:15:59] [Server thread/INFO]: [TestPro] Enabling TestPro v1.0-SNAPSHOT
[22:15:59] [Server thread/INFO]: [TestPro] TestPro habilitado. Mundo del apocalipsis: world
[22:15:59] [Server thread/INFO]: [AdvancedTeleport] Enabling AdvancedTeleport v6.1.3
[22:15:59] [Server thread/INFO]: [AdvancedTeleport] Performing server version check.
[22:15:59] [Server thread/INFO]: [AdvancedTeleport] Detected major version: 21
[22:15:59] [Server thread/INFO]: [AdvancedTeleport] Advanced Teleport is now enabling...
[22:15:59] [Server thread/INFO]: [AdvancedTeleport] Setting up permissions integration with Vault.
[22:15:59] [Server thread/INFO]: [AdvancedTeleport] Vault is not on the server, skipping.
[22:15:59] [Server thread/INFO]: [AdvancedTeleport] Loading MainConfig.
[22:15:59] [Server thread/WARN]: [AdvancedTeleport] Failed to parse payment 100.0 for command tpa! Error message: net/milkbowl/vault/economy/Economy
[22:15:59] [Server thread/WARN]: [AdvancedTeleport] Failed to parse payment 100.0 for command tpahere! Error message: net/milkbowl/vault/economy/Economy
[22:15:59] [Server thread/WARN]: [AdvancedTeleport] Failed to parse payment 100.0 for command tpr! Error message: net/milkbowl/vault/economy/Economy
[22:15:59] [Server thread/WARN]: [AdvancedTeleport] Failed to parse payment 100.0 for command spawn! Error message: net/milkbowl/vault/economy/Economy
[22:15:59] [Server thread/WARN]: [AdvancedTeleport] Failed to parse payment 100.0 for command warp! Error message: net/milkbowl/vault/economy/Economy
[22:15:59] [Server thread/WARN]: [AdvancedTeleport] Failed to parse payment 100.0 for command home! Error message: net/milkbowl/vault/economy/Economy
[22:15:59] [Server thread/WARN]: [AdvancedTeleport] Failed to parse payment 100.0 for command back! Error message: net/milkbowl/vault/economy/Economy
[22:16:00] [Server thread/INFO]: [AdvancedTeleport] Registered the image warp_default!
[22:16:00] [Server thread/INFO]: [AdvancedTeleport] Registered the image home_default!
[22:16:00] [Server thread/INFO]: [AdvancedTeleport] Registered the image spawn_default!
[22:16:00] [Server thread/INFO]: [zMenu] Enabling zMenu v1.1.0.5
[22:16:00] [Server thread/INFO]: [zMenu v1.1.0.5] === ENABLE START ===
[22:16:00] [Server thread/INFO]: [zMenu v1.1.0.5] Plugin Version V1.1.0.5
[22:16:00] [Server thread/INFO]: [zMenu] The database connection is valid ! (SQLITE)
[22:16:00] [Server thread/INFO]: [zMenu] Use ComponentMeta
[22:16:00] [Server thread/INFO]: [zMenu v1.1.0.5] Paper server detected, loading Dialogs support
[22:16:00] [Server thread/INFO]: [zMenu v1.1.0.5] plugins/zMenu/patterns/pattern_example.yml loaded successfully !
[22:16:01] [Server thread/INFO]: [zMenu v1.1.0.5] plugins/zMenu/inventories/basic_inventory.yml loaded successfully !
[22:16:01] [Server thread/INFO]: [zMenu v1.1.0.5] plugins/zMenu/inventories/pro_inventory.yml loaded successfully !
[22:16:01] [Server thread/INFO]: [zMenu v1.1.0.5] plugins/zMenu/inventories/examples/cookies.yml loaded successfully !
[22:16:01] [Server thread/INFO]: [zMenu v1.1.0.5] plugins/zMenu/inventories/examples/switch.yml loaded successfully !
[22:16:01] [Server thread/INFO]: [zMenu v1.1.0.5] plugins/zMenu/inventories/examples/playtimes.yml loaded successfully !
[22:16:01] [Server thread/INFO]: [zMenu v1.1.0.5] plugins/zMenu/inventories/advanced_inventory.yml loaded successfully !
[22:16:01] [Server thread/INFO]: [zMenu v1.1.0.5] plugins/zMenu/inventories/example_punish.yml loaded successfully !
[22:16:01] [Server thread/INFO]: [zMenu v1.1.0.5] plugins/zMenu/website/inventories.yml loaded successfully !
[22:16:01] [Server thread/INFO]: [zMenu v1.1.0.5] plugins/zMenu/dialogs/confirmation-dialog.yml loaded successfully!
[22:16:01] [Server thread/INFO]: [zMenu v1.1.0.5] plugins/zMenu/dialogs/default-dialog.yml loaded successfully!
[22:16:01] [Server thread/INFO]: [zMenu v1.1.0.5] plugins/zMenu/dialogs/multi_action-dialog.yml loaded successfully!
[22:16:01] [Server thread/INFO]: [zMenu v1.1.0.5] plugins/zMenu/dialogs/server_link-dialog.yml loaded successfully!
[22:16:01] [Server thread/INFO]: [zMenu v1.1.0.5] Command /punish successfully register.
[22:16:01] [Server thread/INFO]: [zMenu v1.1.0.5] Command /basic_command successfully register.
[22:16:01] [Server thread/INFO]: [zMenu v1.1.0.5] Command /advanced_command successfully register.
[22:16:01] [Server thread/INFO]: [zMenu v1.1.0.5] Command /pro_command successfully register.
[22:16:01] [Server thread/INFO]: [zMenu v1.1.0.5] Command /openbook successfully register.
[22:16:01] [Server thread/INFO]: [zMenu v1.1.0.5] 
[22:16:01] [Server thread/INFO]: [zMenu v1.1.0.5] You can support zMenu by upgrading your account here: https://minecraft-inventory-builder.com/account-upgrade
[22:16:01] [Server thread/INFO]: [zMenu v1.1.0.5] zMenu’s site includes an inventory editor (under development), a marketplace (already available) is a forum (under development)
[22:16:01] [Server thread/INFO]: [zMenu v1.1.0.5] 
[22:16:01] [Server thread/INFO]: [zMenu v1.1.0.5] Loading 6 commands
[22:16:01] [Server thread/INFO]: [zMenu v1.1.0.5] === ENABLE DONE (1268ms) ===
[22:16:01] [Server thread/INFO]: [1vs1] Enabling 1vs1 v1.7.1 #221*
[22:16:02] [Server thread/INFO]: [1vs1] Connecting to sqlite database...
[22:16:02] [Server thread/INFO]: [1vs1] Connected!
[22:16:02] [Server thread/INFO]: [1vs1] Connecting to database
[22:16:02] [Server thread/INFO]: [1vs1] Connecting to sqlite database...
[22:16:02] [Server thread/INFO]: [1vs1] Connected!
[22:16:02] [Server thread/INFO]: [1vs1] 1vs1 enabled!
[22:16:02] [Server thread/INFO]: [Geyser-Spigot] Enabling Geyser-Spigot v2.9.1-SNAPSHOT
[22:16:04] [Server thread/INFO]: [Multiverse-Core] Enabling Multiverse-Core v5.3.4
[22:16:05] [Server thread/INFO]: Loading 0 persistent chunks for world 'minecraft:lobby_world'...
[22:16:05] [Server thread/INFO]: Prepared spawn area in 0 ms
[22:16:05] [Server thread/INFO]: [WorldGuard] (lobby_world) TNT ignition is PERMITTED.
[22:16:05] [Server thread/INFO]: [WorldGuard] (lobby_world) Lighters are PERMITTED.
[22:16:05] [Server thread/INFO]: [WorldGuard] (lobby_world) Lava fire is PERMITTED.
[22:16:05] [Server thread/INFO]: [WorldGuard] (lobby_world) Fire spread is UNRESTRICTED.
[22:16:05] [Server thread/INFO]: [WorldGuard] Loaded configuration for world 'lobby_world'
[22:16:06] [Server thread/INFO]: Loading 0 persistent chunks for world 'minecraft:biomesarena'...
[22:16:06] [Server thread/INFO]: Preparing spawn area: 100%
[22:16:06] [Server thread/INFO]: Prepared spawn area in 3 ms
[22:16:06] [Server thread/INFO]: [WorldGuard] (BiomesArena) TNT ignition is PERMITTED.
[22:16:06] [Server thread/INFO]: [WorldGuard] (BiomesArena) Lighters are PERMITTED.
[22:16:06] [Server thread/INFO]: [WorldGuard] (BiomesArena) Lava fire is PERMITTED.
[22:16:06] [Server thread/INFO]: [WorldGuard] (BiomesArena) Fire spread is UNRESTRICTED.
[22:16:06] [Server thread/INFO]: [WorldGuard] Loaded configuration for world 'BiomesArena'
[22:16:06] [Server thread/INFO]: [Multiverse-Core] API service loaded!
[22:16:06] [Server thread/INFO]: [Multiverse-Core] Version 5.3.4 (API v5.3) Enabled - By dumptruckman, Rigby, fernferret, lithium3141, main--, benwoo1110 and Zax71
[22:16:06] [Server thread/INFO]: [Multiverse-Core] Loving Multiverse-Core? Please consider supporting the project with a small donation: https://github.com/sponsors/Multiverse
[22:16:07] [Server thread/INFO]: [spark] Starting background profiler...
[22:16:08] [Server thread/INFO]: [Geyser-Spigot] ******************************************
[22:16:08] [Server thread/INFO]: [Geyser-Spigot] 
[22:16:08] [Server thread/INFO]: [Geyser-Spigot] Loading Geyser version 2.9.1-b999 (git-master-dbed595)
[22:16:08] [Server thread/INFO]: [Geyser-Spigot] 
[22:16:08] [Server thread/INFO]: [Geyser-Spigot] ******************************************
[22:16:17] [GeyserServer-3-1/INFO]: [Geyser-Spigot] Started Geyser on UDP port 25565
[22:16:17] [Server thread/INFO]: [Geyser-Spigot] Done (8.229s)! Run /geyser help for help!
[22:16:17] [Server thread/INFO]: Running delayed init tasks
[22:16:17] [Craft Scheduler Thread - 7 - ViaVersion/INFO]: [ViaVersion] Finished mapping loading, shutting down loader executor.
[22:16:17] [Craft Scheduler Thread - 10 - AdvancedTeleport/INFO]: [AdvancedTeleport] Preparing random teleportation locations. If your server performance or memory suffers, please set `use-rapid-response` to false in the config.yml file.
[22:16:17] [Server thread/INFO]: [com.fastasyncworldedit.bukkit.regions.WorldGuardFeature] Plugin 'WorldGuard' found. Using it now.
[22:16:17] [Server thread/INFO]: [com.fastasyncworldedit.bukkit.FaweBukkit] Attempting to use plugin 'WorldGuard'
[22:16:17] [Server thread/INFO]: Done (67.143s)! For help, type "help"
[22:16:17] [Server thread/WARN]: [ViaVersion] There is a newer plugin version available: 5.5.1, you're on: 5.5.0
[22:16:17] [Craft Scheduler Thread - 4 - 1vs1/INFO]: [1vs1] ***** 1vs1 Version Checker ***** 
[22:16:17] [Craft Scheduler Thread - 4 - 1vs1/INFO]: [1vs1] Stable Build: #221
[22:16:17] [Craft Scheduler Thread - 4 - 1vs1/INFO]: [1vs1] Current Build: #221
[22:16:17] [Craft Scheduler Thread - 4 - 1vs1/INFO]: [1vs1] No new version available
[22:16:17] [Craft Scheduler Thread - 4 - 1vs1/INFO]: [1vs1] *********************************
[22:16:17] [Craft Scheduler Thread - 10 - AdvancedTeleport/INFO]: [AdvancedTeleport] Plugin is up to date!
[22:16:17] [Craft Scheduler Thread - 9 - zMenu/INFO]: [zMenu v1.1.0.5] No update available.
[22:17:07] [Server thread/INFO]: Stopping server
[22:17:07] [Server thread/INFO]: [Multiverse-Core] Disabling Multiverse-Core v5.3.4
[22:17:07] [Server thread/INFO]: [Geyser-Spigot] Disabling Geyser-Spigot v2.9.1-SNAPSHOT
[22:17:07] [Server thread/INFO]: [Geyser-Spigot] Shutting down Geyser.
[22:17:07] [Server thread/INFO]: [Geyser-Spigot] Geyser shutdown successfully.
[22:17:07] [Server thread/INFO]: [1vs1] Disabling 1vs1 v1.7.1 #221
[22:17:07] [Server thread/INFO]: [1vs1] Disconnecting from database
[22:17:07] [Server thread/INFO]: [1vs1] 1vs1 disabled!
[22:17:07] [Server thread/INFO]: [zMenu] Disabling zMenu v1.1.0.5
[22:17:07] [Server thread/INFO]: [zMenu v1.1.0.5] === DISABLE START ===
[22:17:07] [Server thread/INFO]: [zMenu v1.1.0.5] === DISABLE DONE (4ms) ===
[22:17:07] [Server thread/INFO]: [AdvancedTeleport] Disabling AdvancedTeleport v6.1.3
[22:17:07] [Server thread/INFO]: [SkinsRestorer] Disabling SkinsRestorer v15.9.0
[22:17:07] [Server thread/INFO]: [nLogin] Disabling nLogin v10.4.22
[22:17:07] [Server thread/INFO]: [nLogin] Successful plugin core shutdown (took 0.00s)
[22:17:07] [Server thread/INFO]: [TestPro] Disabling TestPro v1.0-SNAPSHOT
[22:17:07] [Server thread/INFO]: [TestPro] TestPro deshabilitado.
[22:17:07] [Server thread/INFO]: [WorldGuard] Disabling WorldGuard v7.0.15-beta-01+445a1d7
[22:17:07] [Server thread/INFO]: [WorldGuard] Shutting down executor and cancelling any pending tasks...
[22:17:07] [Server thread/INFO]: [ViaBackwards] Disabling ViaBackwards v5.5.1
[22:17:07] [Server thread/INFO]: [floodgate] Disabling floodgate v2.2.5-SNAPSHOT (b121-55a85ec)
[22:17:07] [WebSocketConnectReadThread-119/INFO]: [Geyser-Spigot] The skin uploader has been closed
[22:17:07] [Server thread/INFO]: [ProtocolLib] Disabling ProtocolLib v5.4.0
[22:17:07] [Server thread/INFO]: [ViaVersion] Disabling ViaVersion v5.5.0
[22:17:07] [Server thread/INFO]: [ViaVersion] ViaVersion has been disabled; uninjected the platform and shut down the scheduler.
[22:17:07] [Server thread/INFO]: [FastAsyncWorldEdit] Disabling FastAsyncWorldEdit v2.14.1-SNAPSHOT-1220+10fd8cb
[22:17:07] [Server thread/INFO]: Unregistering com.sk89q.worldedit.bukkit.BukkitServerInterface from WorldEdit
[22:17:07] [Server thread/INFO]: Saving players
[22:17:08] [Server thread/INFO]: Saving worlds
[22:17:08] [Server thread/INFO]: Saving chunks for level 'ServerLevel[world]'/minecraft:overworld
[22:17:08] [Server thread/INFO]: [ChunkHolderManager] Waiting 60s for chunk system to halt for world 'world'
[22:17:08] [Server thread/INFO]: [ChunkHolderManager] Halted chunk system for world 'world'
[22:17:08] [Server thread/INFO]: [ChunkHolderManager] Saving all chunkholders for world 'world'
[22:17:08] [Server thread/INFO]: [ChunkHolderManager] Saved 0 block chunks, 0 entity chunks, 0 poi chunks in world 'world' in 0.01s
[22:17:08] [Server thread/INFO]: [ChunkHolderManager] Waiting 60s for chunk I/O to halt for world 'world'
[22:17:08] [Server thread/INFO]: [ChunkHolderManager] Halted I/O scheduler for world 'world'
[22:17:08] [Server thread/INFO]: Saving chunks for level 'ServerLevel[world_nether]'/minecraft:the_nether
[22:17:08] [Server thread/INFO]: [ChunkHolderManager] Waiting 60s for chunk system to halt for world 'world_nether'
[22:17:08] [Server thread/INFO]: [ChunkHolderManager] Halted chunk system for world 'world_nether'
[22:17:08] [Server thread/INFO]: [ChunkHolderManager] Saving all chunkholders for world 'world_nether'
[22:17:09] [Server thread/INFO]: [ChunkHolderManager] Saved 528 block chunks, 0 entity chunks, 0 poi chunks in world 'world_nether' in 0.45s
[22:17:09] [Server thread/INFO]: [ChunkHolderManager] Waiting 60s for chunk I/O to halt for world 'world_nether'
[22:17:09] [Server thread/INFO]: [ChunkHolderManager] Halted I/O scheduler for world 'world_nether'
[22:17:09] [Server thread/INFO]: Saving chunks for level 'ServerLevel[world_the_end]'/minecraft:the_end
[22:17:09] [Server thread/INFO]: [ChunkHolderManager] Waiting 60s for chunk system to halt for world 'world_the_end'
[22:17:09] [Server thread/INFO]: [ChunkHolderManager] Halted chunk system for world 'world_the_end'
[22:17:09] [Server thread/INFO]: [ChunkHolderManager] Saving all chunkholders for world 'world_the_end'
[22:17:09] [Server thread/INFO]: [ChunkHolderManager] Saved 0 block chunks, 0 entity chunks, 0 poi chunks in world 'world_the_end' in 0.00s
[22:17:09] [Server thread/INFO]: [ChunkHolderManager] Waiting 60s for chunk I/O to halt for world 'world_the_end'
[22:17:09] [Server thread/INFO]: [ChunkHolderManager] Halted I/O scheduler for world 'world_the_end'
[22:17:09] [Server thread/INFO]: Saving chunks for level 'ServerLevel[lobby_world]'/minecraft:lobby_world
[22:17:09] [Server thread/INFO]: [ChunkHolderManager] Waiting 60s for chunk system to halt for world 'lobby_world'
[22:17:09] [Server thread/INFO]: [ChunkHolderManager] Halted chunk system for world 'lobby_world'
[22:17:09] [Server thread/INFO]: [ChunkHolderManager] Saving all chunkholders for world 'lobby_world'
[22:17:09] [Server thread/INFO]: [ChunkHolderManager] Saved 0 block chunks, 0 entity chunks, 0 poi chunks in world 'lobby_world' in 0.00s
[22:17:09] [Server thread/INFO]: [ChunkHolderManager] Waiting 60s for chunk I/O to halt for world 'lobby_world'
[22:17:09] [Server thread/INFO]: [ChunkHolderManager] Halted I/O scheduler for world 'lobby_world'
[22:17:09] [Server thread/INFO]: Saving chunks for level 'ServerLevel[BiomesArena]'/minecraft:biomesarena
[22:17:09] [Server thread/INFO]: [ChunkHolderManager] Waiting 60s for chunk system to halt for world 'BiomesArena'
[22:17:09] [Server thread/INFO]: [ChunkHolderManager] Halted chunk system for world 'BiomesArena'
[22:17:09] [Server thread/INFO]: [ChunkHolderManager] Saving all chunkholders for world 'BiomesArena'
[22:17:11] [Server thread/INFO]: [ChunkHolderManager] Saved 1587 block chunks, 0 entity chunks, 0 poi chunks in world 'BiomesArena' in 1.11s
[22:17:11] [Server thread/INFO]: [ChunkHolderManager] Waiting 60s for chunk I/O to halt for world 'BiomesArena'
[22:17:11] [Server thread/INFO]: [ChunkHolderManager] Halted I/O scheduler for world 'BiomesArena'
[22:17:12] [Server thread/INFO]: ThreadedAnvilChunkStorage (world): All chunks are saved
[22:17:12] [Server thread/INFO]: ThreadedAnvilChunkStorage (DIM-1): All chunks are saved
[22:17:12] [Server thread/INFO]: ThreadedAnvilChunkStorage (DIM1): All chunks are saved
[22:17:12] [Server thread/INFO]: ThreadedAnvilChunkStorage (lobby_world): All chunks are saved
[22:17:12] [Server thread/INFO]: ThreadedAnvilChunkStorage (BiomesArena): All chunks are saved
[22:17:12] [Server thread/INFO]: ThreadedAnvilChunkStorage: All dimensions are saved
[22:17:12] [Server thread/INFO]: Waiting for all RegionFile I/O tasks to complete...
[22:17:12] [Server thread/INFO]: All RegionFile I/O tasks to complete
[22:17:12] [Server thread/INFO]: [MoonriseCommon] Awaiting termination of worker pool for up to 60s...
[22:17:12] [Server thread/INFO]: [MoonriseCommon] Awaiting termination of I/O pool for up to 60s...
